Moxi data-workbench composed benchmark
measurement_boundary=cold_fixture_state_app_first_frame_and_steady_dispatch_plus_scene_render
fixture=make_workbench_fixture_parameterized
application_path=DataWorkbenchState_App_dispatch_combined_scene
visible_latency=not_measured
memory=process_peak_only_if_wrapper_supports_it
memory_scope=process_not_operation_level
release_baseline=unestablished
WORKBENCH  rows=10000   operation=cold_load   in_process_elapsed_ms=21.581   dispatch_changed=true   source_rows=10000   visible_rows=10000   selection_rows=0   hidden_selection_rows=0   scroll_offset=0.0   retained_commands=40   plot_commands=10102   render_commands=10142   rasterized_pixels=1976069   component_builds=0   reconciled_nodes=0   root_fallbacks=0   checksum=4121620344  visible_latency=not_measured cache_reuse=not_measured
WORKBENCH  rows=10000   operation=filter   in_process_elapsed_ms=9.588   dispatch_changed=true   source_rows=10000   visible_rows=3529   selection_rows=0   hidden_selection_rows=0   scroll_offset=0.0   retained_commands=40   plot_commands=3631   render_commands=3671   rasterized_pixels=1762059   component_builds=0   reconciled_nodes=0   root_fallbacks=1   checksum=4042186864  visible_latency=not_measured cache_reuse=not_measured
WORKBENCH  rows=10000   operation=hover   in_process_elapsed_ms=11.042   dispatch_changed=true   source_rows=10000   visible_rows=10000   selection_rows=0   hidden_selection_rows=0   scroll_offset=0.0   retained_commands=40   plot_commands=10107   render_commands=10147   rasterized_pixels=1981177   component_builds=0   reconciled_nodes=0   root_fallbacks=1   checksum=4121385388  visible_latency=not_measured cache_reuse=not_measured
WORKBENCH  rows=10000   operation=selection   in_process_elapsed_ms=10.972   dispatch_changed=true   source_rows=10000   visible_rows=10000   selection_rows=1   hidden_selection_rows=0   scroll_offset=0.0   retained_commands=40   plot_commands=10109   render_commands=10149   rasterized_pixels=1981489   component_builds=0   reconciled_nodes=0   root_fallbacks=1   checksum=4121553987  visible_latency=not_measured cache_reuse=not_measured
WORKBENCH  rows=10000   operation=scroll   in_process_elapsed_ms=10.73   dispatch_changed=true   source_rows=10000   visible_rows=10000   selection_rows=1   hidden_selection_rows=0   scroll_offset=480.0   retained_commands=42   plot_commands=10109   render_commands=10151   rasterized_pixels=1981219   component_builds=0   reconciled_nodes=0   root_fallbacks=1   checksum=4120997787  visible_latency=not_measured cache_reuse=not_measured
WORKBENCH  rows=10000   operation=resize   in_process_elapsed_ms=10.706   dispatch_changed=true   source_rows=10000   visible_rows=10000   selection_rows=1   hidden_selection_rows=0   scroll_offset=480.0   retained_commands=45   plot_commands=10109   render_commands=10154   rasterized_pixels=1970992   component_builds=0   reconciled_nodes=0   root_fallbacks=1   checksum=4114261181  visible_latency=not_measured cache_reuse=not_measured
WORKBENCH  rows=100000   operation=cold_load   in_process_elapsed_ms=132.309   dispatch_changed=true   source_rows=100000   visible_rows=100000   selection_rows=0   hidden_selection_rows=0   scroll_offset=0.0   retained_commands=40   plot_commands=100102   render_commands=100142   rasterized_pixels=4042101   component_builds=0   reconciled_nodes=0   root_fallbacks=0   checksum=4121620344  visible_latency=not_measured cache_reuse=not_measured
WORKBENCH  rows=100000   operation=filter   in_process_elapsed_ms=40.593   dispatch_changed=true   source_rows=100000   visible_rows=35294   selection_rows=0   hidden_selection_rows=0   scroll_offset=0.0   retained_commands=40   plot_commands=35396   render_commands=35436   rasterized_pixels=2406167   component_builds=0   reconciled_nodes=0   root_fallbacks=1   checksum=4042186864  visible_latency=not_measured cache_reuse=not_measured
WORKBENCH  rows=100000   operation=hover   in_process_elapsed_ms=43.009   dispatch_changed=true   source_rows=100000   visible_rows=100000   selection_rows=0   hidden_selection_rows=0   scroll_offset=0.0   retained_commands=40   plot_commands=100107   render_commands=100147   rasterized_pixels=4047209   component_builds=0   reconciled_nodes=0   root_fallbacks=1   checksum=4121385388  visible_latency=not_measured cache_reuse=not_measured
WORKBENCH  rows=100000   operation=selection   in_process_elapsed_ms=43.272   dispatch_changed=true   source_rows=100000   visible_rows=100000   selection_rows=1   hidden_selection_rows=0   scroll_offset=0.0   retained_commands=40   plot_commands=100109   render_commands=100149   rasterized_pixels=4047521   component_builds=0   reconciled_nodes=0   root_fallbacks=1   checksum=4121553987  visible_latency=not_measured cache_reuse=not_measured
WORKBENCH  rows=100000   operation=scroll   in_process_elapsed_ms=38.964   dispatch_changed=true   source_rows=100000   visible_rows=100000   selection_rows=1   hidden_selection_rows=0   scroll_offset=480.0   retained_commands=42   plot_commands=100109   render_commands=100151   rasterized_pixels=4047251   component_builds=0   reconciled_nodes=0   root_fallbacks=1   checksum=4120997787  visible_latency=not_measured cache_reuse=not_measured
WORKBENCH  rows=100000   operation=resize   in_process_elapsed_ms=44.088   dispatch_changed=true   source_rows=100000   visible_rows=100000   selection_rows=1   hidden_selection_rows=0   scroll_offset=480.0   retained_commands=45   plot_commands=100109   render_commands=100154   rasterized_pixels=4037023   component_builds=0   reconciled_nodes=0   root_fallbacks=1   checksum=4114261181  visible_latency=not_measured cache_reuse=not_measured
